ASxxxx Linker V03.00 + NoICE + sdld,  page 1.
Hexadecimal  [32-Bits]

Area                                    Addr        Size        Decimal Bytes (Attributes)
--------------------------------        ----        ----        ------- ----- ------------
CABS                                00000000    00000000 =           0. bytes (ABS,CON,CODE)

      Value  Global                              Global Defined In Module
      -----  --------------------------------   ------------------------
C:   00000000  l_CABS                          
C:   00000000  l_GSINIT1                       
C:   00000000  l_GSINIT5                       
C:   00000000  l_IABS                          
C:   00000000  l_ISEG                          
C:   00000000  l_PSEG                          
C:   00000000  l_REG_BANK_1                    
C:   00000000  l_REG_BANK_2                    
C:   00000000  l_REG_BANK_3                    
C:   00000000  l_RSEG                          
C:   00000000  l_RSEG0                         
C:   00000000  l_RSEG1                         
C:   00000000  l_XABS                          
C:   00000000  l_XINIT                         
C:   00000000  l_XISEG                         
C:   00000000  l__CODE                         
C:   00000000  s_BSEG                          
C:   00000000  s_CABS                          
C:   00000000  s_DSEG                          
C:   00000000  s_HOME                          
C:   00000000  s_IABS                          
C:   00000000  s_ISEG                          
C:   00000000  s_REG_BANK_0                    
C:   00000000  s_RSEG                          
C:   00000000  s_RSEG0                         
C:   00000000  s_RSEG1                         
C:   00000000  s_XABS                          
C:   00000001  l_BIT_BANK                      
C:   00000001  l_BSEG_BYTES                    
C:   00000001  s_PSEG                          
C:   00000001  s_XSEG                          
C:   00000002  l_BSEG                          
C:   00000003  l_GSFINAL                       
C:   00000003  l_GSINIT                        
C:   00000003  l_GSINIT0                       
C:   00000003  l_OSEG                          
C:   00000008  l_REG_BANK_0                    
C:   00000008  s_OSEG                          
C:   00000008  s_REG_BANK_1                    
C:   0000000A  l_GSINIT2                       
C:   00000010  s_REG_BANK_2                    
C:   00000011  l_HOME                          
C:   00000011  s_GSINIT0                       
C:   00000014  s_GSINIT1                       
C:   00000014  s_GSINIT2                       
C:   00000018  s_REG_BANK_3                    
C:   0000001E  s_GSINIT3                       
C:   00000020  s_BSEG_BYTES                    
C:   00000020  s__CODE                         
C:   00000021  s_BIT_BANK                      
ASxxxx Linker V03.00 + NoICE + sdld,  page 2.
Hexadecimal  [32-Bits]

Area                                    Addr        Size        Decimal Bytes (Attributes)
--------------------------------        ----        ----        ------- ----- ------------
CABS                                00000000    00000000 =           0. bytes (ABS,CON,CODE)

      Value  Global                              Global Defined In Module
      -----  --------------------------------   ------------------------
C:   00000022  l_GSINIT3                       
C:   0000002A  l_GSINIT4                       
C:   00000040  l_XSEG                          
C:   00000040  s_GSINIT4                       
C:   00000041  s_XISEG                         
C:   0000006A  s_GSINIT                        
C:   0000006A  s_GSINIT5                       
C:   0000006B  l_DSEG                          
C:   0000006D  s_GSFINAL                       
C:   00000070  s_CSEG                          
C:   0000007A  s_SSEG                          
C:   00000086  l_SSEG                          
C:   00000100  l_IRAM                          
C:   00000141  l_CONST                         
C:   000029EF  l_CSEG                          
C:   00002A5F  s_CONST                         
C:   00002BA0  s_XINIT                         

ASxxxx Linker V03.00 + NoICE + sdld,  page 3.
Hexadecimal  [32-Bits]

Area                                    Addr        Size        Decimal Bytes (Attributes)
--------------------------------        ----        ----        ------- ----- ------------
.  .ABS.                            00000000    00000000 =           0. bytes (ABS,CON)

      Value  Global                              Global Defined In Module
      -----  --------------------------------   ------------------------
     00000000  .__.ABS.                           _startup
     00000080  _P0                                888n
     00000080  _P0_0                              888n
     00000081  _P0_1                              888n
     00000081  _SP                                888n
     00000082  _DPL                               888n
     00000082  _P0_2                              888n
     00000083  _DPH                               888n
     00000083  _P0_3                              888n
     00000084  _P0_4                              888n
     00000085  _P0_5                              888n
     00000086  _P0_6                              888n
     00000087  _P0_7                              888n
     00000087  _PCON                              888n
     00000088  _IT0                               888n
     00000088  _TCON                              888n
     00000089  _IE0                               888n
     00000089  _TMOD                              888n
     0000008A  _IT1                               888n
     0000008A  _TL0                               888n
     0000008B  _IE1                               888n
     0000008B  _TL1                               888n
     0000008C  _TH0                               888n
     0000008C  _TR0                               888n
     0000008D  _TF0                               888n
     0000008D  _TH1                               888n
     0000008E  _AUXR                              888n
     0000008E  _TR1                               888n
     0000008F  _TF1                               888n
     0000008F  _WAKE_CLKO                         888n
     00000090  _P1                                888n
     00000090  _P1_0                              888n
     00000091  _P1M1                              888n
     00000091  _P1_1                              888n
     00000092  _P1M0                              888n
     00000092  _P1_2                              888n
     00000093  _P0M1                              888n
     00000093  _P1_3                              888n
     00000094  _P0M0                              888n
     00000094  _P1_4                              888n
     00000095  _P1_5                              888n
     00000095  _P2M1                              888n
     00000096  _P1_6                              888n
     00000096  _P2M0                              888n
     00000097  _CLK_DIV                           888n
     00000097  _P1_7                              888n
     00000098  _RI                                888n
     00000098  _SCON                              888n
     00000099  _SBUF                              888n
     00000099  _TI                                888n
ASxxxx Linker V03.00 + NoICE + sdld,  page 4.
Hexadecimal  [32-Bits]

Area                                    Addr        Size        Decimal Bytes (Attributes)
--------------------------------        ----        ----        ------- ----- ------------
.  .ABS.                            00000000    00000000 =           0. bytes (ABS,CON)

      Value  Global                              Global Defined In Module
      -----  --------------------------------   ------------------------
     0000009A  _RB8                               888n
     0000009A  _S2CON                             888n
     0000009B  _S2BUF                             888n
     0000009B  _TB8                               888n
     0000009C  _BRT                               888n
     0000009C  _REN                               888n
     0000009D  _P1ASF                             888n
     0000009D  _SM2                               888n
     0000009E  _SM1                               888n
     0000009F  _SM0                               888n
     000000A0  _P2                                888n
     000000A0  _P2_0                              888n
     000000A0  __XPAGE                            
     000000A1  _BUS_SPEED                         888n
     000000A1  _P2_1                              888n
     000000A2  _AUXR1                             888n
     000000A2  _P2_2                              888n
     000000A3  _P2_3                              888n
     000000A4  _P2_4                              888n
     000000A5  _P2_5                              888n
     000000A6  _P2_6                              888n
     000000A7  _P2_7                              888n
     000000A8  _EX0                               888n
     000000A8  _IE                                888n
     000000A9  _ET0                               888n
     000000A9  _SADDR                             888n
     000000AA  _EX1                               888n
     000000AB  _ET1                               888n
     000000AC  _ES                                888n
     000000AD  _EADC                              888n
     000000AE  _ELVD                              888n
     000000AF  _EA                                888n
     000000AF  _IE2                               888n
     000000B0  _P3                                888n
     000000B0  _P3_0                              888n
     000000B0  _RXD                               888n
     000000B1  _P3M1                              888n
     000000B1  _P3_1                              888n
     000000B1  _TXD                               888n
     000000B2  _INT0                              888n
     000000B2  _P3M0                              888n
     000000B2  _P3_2                              888n
     000000B3  _INT1                              888n
     000000B3  _P3_3                              888n
     000000B3  _P4M1                              888n
     000000B4  _P3_4                              888n
     000000B4  _P4M0                              888n
     000000B4  _T0                                888n
     000000B5  _IP2                               888n
     000000B5  _P3_5                              888n
     000000B5  _T1                                888n
ASxxxx Linker V03.00 + NoICE + sdld,  page 5.
Hexadecimal  [32-Bits]

Area                                    Addr        Size        Decimal Bytes (Attributes)
--------------------------------        ----        ----        ------- ----- ------------
.  .ABS.                            00000000    00000000 =           0. bytes (ABS,CON)

      Value  Global                              Global Defined In Module
      -----  --------------------------------   ------------------------
     000000B6  _IP2H                              888n
     000000B6  _P3_6                              888n
     000000B6  _WR                                888n
     000000B7  _IPH                               888n
     000000B7  _P3_7                              888n
     000000B7  _RD                                888n
     000000B8  _IP                                888n
     000000B8  _PX0                               888n
     000000B9  _PT0                               888n
     000000B9  _SADEN                             888n
     000000BA  _PX1                               888n
     000000BB  _P4SW                              888n
     000000BB  _PT1                               888n
     000000BC  _ADC_CONTR                         888n
     000000BC  _PS                                888n
     000000BD  _ADC_RES                           888n
     000000BD  _PADC                              888n
     000000BE  _ADC_RESL                          888n
     000000BE  _PLVD                              888n
     000000BF  _PPCA                              888n
     000000C0  _P4                                888n
     000000C0  _P4_0                              888n
     000000C1  _P4_1                              888n
     000000C1  _WDT_CONTR                         888n
     000000C2  _IAP_DATA                          888n
     000000C2  _P4_2                              888n
     000000C3  _IAP_ADDRH                         888n
     000000C3  _P4_3                              888n
     000000C4  _IAP_ADDRL                         888n
     000000C4  _P4_4                              888n
     000000C5  _IAP_CMD                           888n
     000000C5  _P4_5                              888n
     000000C6  _IAP_TRIG                          888n
     000000C6  _P4_6                              888n
     000000C7  _IAP_CONTR                         888n
     000000C7  _P4_7                              888n
     000000C8  _P5                                888n
     000000C8  _P5_0                              888n
     000000C9  _P5M1                              888n
     000000C9  _P5_1                              888n
     000000CA  _P5M0                              888n
     000000CA  _P5_2                              888n
     000000CB  _P5_3                              888n
     000000CD  _SPSTAT                            888n
     000000CE  _SPCTL                             888n
     000000CF  _SPDAT                             888n
     000000D0  _P                                 888n
     000000D0  _PSW                               888n
     000000D1  _F1                                888n
     000000D2  _OV                                888n
     000000D3  _RS0                               888n
ASxxxx Linker V03.00 + NoICE + sdld,  page 6.
Hexadecimal  [32-Bits]

Area                                    Addr        Size        Decimal Bytes (Attributes)
--------------------------------        ----        ----        ------- ----- ------------
.  .ABS.                            00000000    00000000 =           0. bytes (ABS,CON)

      Value  Global                              Global Defined In Module
      -----  --------------------------------   ------------------------
     000000D4  _RS1                               888n
     000000D5  _F0                                888n
     000000D6  _AC                                888n
     000000D7  _CY                                888n
     000000D8  _CCF0                              888n
     000000D8  _CCON                              888n
     000000D9  _CCF1                              888n
     000000D9  _CMOD                              888n
     000000DA  _CCAPM0                            888n
     000000DB  _CCAPM1                            888n
     000000DE  _CR                                888n
     000000DF  _CF                                888n
     000000E0  _ACC                               888n
     000000E9  _CL                                888n
     000000EA  _CCAP0L                            888n
     000000EB  _CCAP1L                            888n
     000000F0  _B                                 888n
     000000F2  _PCA_PWM0                          888n
     000000F3  _PCA_PWM1                          888n
     000000F5  _B_5                               _gptrget
     000000F6  _B_6                               _gptrget
     000000F7  _B_7                               _gptrget
     000000F9  _CH                                888n
     000000FA  _CCAP0H                            888n
     000000FB  _CCAP1H                            888n
ASxxxx Linker V03.00 + NoICE + sdld,  page 7.
Hexadecimal  [32-Bits]

Area                                    Addr        Size        Decimal Bytes (Attributes)
--------------------------------        ----        ----        ------- ----- ------------
BSEG_BYTES                          00000020    00000001 =           1. bytes (REL,CON)

      Value  Global                              Global Defined In Module
      -----  --------------------------------   ------------------------
ASxxxx Linker V03.00 + NoICE + sdld,  page 8.
Hexadecimal  [32-Bits]

Area                                    Addr        Size        Decimal Bytes (Attributes)
--------------------------------        ----        ----        ------- ----- ------------
REG_BANK_0                          00000000    00000008 =           8. bytes (REL,OVR)

      Value  Global                              Global Defined In Module
      -----  --------------------------------   ------------------------
ASxxxx Linker V03.00 + NoICE + sdld,  page 9.
Hexadecimal  [32-Bits]

Area                                    Addr        Size        Decimal Bytes (Attributes)
--------------------------------        ----        ----        ------- ----- ------------
BIT_BANK                            00000021    00000001 =           1. bytes (REL,OVR)

      Value  Global                              Global Defined In Module
      -----  --------------------------------   ------------------------
ASxxxx Linker V03.00 + NoICE + sdld,  page 10.
Hexadecimal  [32-Bits]

Area                                    Addr        Size        Decimal Bytes (Attributes)
--------------------------------        ----        ----        ------- ----- ------------
DSEG                                00000000    0000006B =         107. bytes (REL,CON)

      Value  Global                              Global Defined In Module
      -----  --------------------------------   ------------------------
     00000024  _cirp_PARM_2                       888n
     00000025  _cirp_PARM_3                       888n
     00000026  _line_PARM_2                       888n
     00000027  _line_PARM_3                       888n
     00000028  _line_PARM_4                       888n
     00000029  _line_PARM_5                       888n
     0000002A  _line_PARM_6                       888n
     0000002B  _line_PARM_7                       888n
     0000002F  _box_PARM_2                        888n
     00000030  _box_PARM_3                        888n
     00000031  _box_PARM_4                        888n
     00000032  _box_PARM_5                        888n
     00000033  _box_PARM_6                        888n
     00000034  _box_PARM_7                        888n
     00000035  _box_PARM_8                        888n
     00000039  _box_apeak_xy_PARM_2               888n
     0000003A  _box_apeak_xy_PARM_3               888n
     0000003B  _box_apeak_xy_PARM_4               888n
     0000003C  _box_apeak_xy_PARM_5               888n
     0000003D  _box_apeak_xy_PARM_6               888n
     0000003E  _box_apeak_xy_PARM_7               888n
     0000003F  _box_apeak_xy_PARM_8               888n
     00000040  _poke_PARM_2                       888n
     00000041  _poke_PARM_3                       888n
     00000042  _boxtola_PARM_2                    888n
     00000043  _roll_apeak_yz_PARM_2              888n
     00000045  _roll_apeak_xy_PARM_2              888n
     00000047  _roll_3_xy_PARM_2                  888n
     00000049  _trans_PARM_2                      888n
     0000004B  _tranoutchar_PARM_2                888n
ASxxxx Linker V03.00 + NoICE + sdld,  page 11.
Hexadecimal  [32-Bits]

Area                                    Addr        Size        Decimal Bytes (Attributes)
--------------------------------        ----        ----        ------- ----- ------------
OSEG                                00000008    00000003 =           3. bytes (REL,OVR)

      Value  Global                              Global Defined In Module
      -----  --------------------------------   ------------------------
     00000008  __divsint_PARM_2                   _divuint
     00000008  __divuint_PARM_2                   _divuint
     00000008  __gptrput_PARM_2                   _gptrput
     00000008  __modsint_PARM_2                   _moduint
     00000008  __moduint_PARM_2                   _moduint
     00000008  _judgebit_PARM_2                   888n
     00000008  _max_PARM_2                        888n
     00000008  _maxt_PARM_2                       888n
     00000008  _point_PARM_2                      888n
     00000008  _type_PARM_2                       888n
     00000009  _maxt_PARM_3                       888n
     00000009  _point_PARM_3                      888n
     0000000A  _point_PARM_4                      888n

ASxxxx Linker V03.00 + NoICE + sdld,  page 12.
Hexadecimal  [32-Bits]

Area                                    Addr        Size        Decimal Bytes (Attributes)
--------------------------------        ----        ----        ------- ----- ------------
SSEG                                0000007A    00000086 =         134. bytes (REL,OVR)

      Value  Global                              Global Defined In Module
      -----  --------------------------------   ------------------------
     0000007A  __start__stack                     888n

ASxxxx Linker V03.00 + NoICE + sdld,  page 13.
Hexadecimal  [32-Bits]

Area                                    Addr        Size        Decimal Bytes (Attributes)
--------------------------------        ----        ----        ------- ----- ------------
XSEG                                00000001    00000040 =          64. bytes (REL,CON,XDATA)

      Value  Global                              Global Defined In Module
      -----  --------------------------------   ------------------------
D:   00000001  _display                           888n

ASxxxx Linker V03.00 + NoICE + sdld,  page 14.
Hexadecimal  [32-Bits]

Area                                    Addr        Size        Decimal Bytes (Attributes)
--------------------------------        ----        ----        ------- ----- ------------
HOME                                00000000    00000011 =          17. bytes (REL,CON,CODE)

      Value  Global                              Global Defined In Module
      -----  --------------------------------   ------------------------
C:   0000000E  __sdcc_program_startup             888n

ASxxxx Linker V03.00 + NoICE + sdld,  page 15.
Hexadecimal  [32-Bits]

Area                                    Addr        Size        Decimal Bytes (Attributes)
--------------------------------        ----        ----        ------- ----- ------------
GSINIT0                             00000011    00000003 =           3. bytes (REL,CON,CODE)

      Value  Global                              Global Defined In Module
      -----  --------------------------------   ------------------------
C:   00000011  __sdcc_gsinit_startup              

ASxxxx Linker V03.00 + NoICE + sdld,  page 16.
Hexadecimal  [32-Bits]

Area                                    Addr        Size        Decimal Bytes (Attributes)
--------------------------------        ----        ----        ------- ----- ------------
GSINIT2                             00000014    0000000A =          10. bytes (REL,CON,CODE)

      Value  Global                              Global Defined In Module
      -----  --------------------------------   ------------------------
ASxxxx Linker V03.00 + NoICE + sdld,  page 17.
Hexadecimal  [32-Bits]

Area                                    Addr        Size        Decimal Bytes (Attributes)
--------------------------------        ----        ----        ------- ----- ------------
GSINIT3                             0000001E    00000022 =          34. bytes (REL,CON,CODE)

      Value  Global                              Global Defined In Module
      -----  --------------------------------   ------------------------
C:   0000001E  __mcs51_genXINIT                   

ASxxxx Linker V03.00 + NoICE + sdld,  page 18.
Hexadecimal  [32-Bits]

Area                                    Addr        Size        Decimal Bytes (Attributes)
--------------------------------        ----        ----        ------- ----- ------------
GSINIT4                             00000040    0000002A =          42. bytes (REL,CON,CODE)

      Value  Global                              Global Defined In Module
      -----  --------------------------------   ------------------------
C:   00000040  __mcs51_genRAMCLEAR                
C:   00000046  __mcs51_genXRAMCLEAR               

ASxxxx Linker V03.00 + NoICE + sdld,  page 19.
Hexadecimal  [32-Bits]

Area                                    Addr        Size        Decimal Bytes (Attributes)
--------------------------------        ----        ----        ------- ----- ------------
GSINIT                              0000006A    00000003 =           3. bytes (REL,CON,CODE)

      Value  Global                              Global Defined In Module
      -----  --------------------------------   ------------------------
ASxxxx Linker V03.00 + NoICE + sdld,  page 20.
Hexadecimal  [32-Bits]

Area                                    Addr        Size        Decimal Bytes (Attributes)
--------------------------------        ----        ----        ------- ----- ------------
GSFINAL                             0000006D    00000003 =           3. bytes (REL,CON,CODE)

      Value  Global                              Global Defined In Module
      -----  --------------------------------   ------------------------
ASxxxx Linker V03.00 + NoICE + sdld,  page 21.
Hexadecimal  [32-Bits]

Area                                    Addr        Size        Decimal Bytes (Attributes)
--------------------------------        ----        ----        ------- ----- ------------
CSEG                                00000070    000029EF =       10735. bytes (REL,CON,CODE)

      Value  Global                              Global Defined In Module
      -----  --------------------------------   ------------------------
C:   00000070  _sinter                            888n
C:   0000007F  _delay5us                          888n
C:   00000090  _delay                             888n
C:   000000AF  _judgebit                          888n
C:   000000CC  _abs                               888n
C:   000000E5  _abss                              888n
C:   000000F2  _max                               888n
C:   00000125  _maxt                              888n
C:   0000013A  _clear                             888n
C:   00000167  _trailler                          888n
C:   00000221  _point                             888n
C:   0000029B  _type                              888n
C:   000002D8  _cirp                              888n
C:   0000031D  _line                              888n
C:   000004C3  _box                               888n
C:   000008F9  _box_apeak_xy                      888n
C:   000009A2  _poke                              888n
C:   000009CE  _boxtola                           888n
C:   00000A51  _rolldisplay                       888n
C:   00000AAC  _roll_apeak_yz                     888n
C:   00000BB7  _roll_apeak_xy                     888n
C:   00000D06  _roll_3_xy                         888n
C:   00000E81  _trans                             888n
C:   00000ED7  _tranoutchar                       888n
C:   00000FF3  _transss                           888n
C:   00001033  _flash_1                           888n
C:   000010A2  _flash_2                           888n
C:   00001156  _flash_3                           888n
C:   00001250  _flash_4                           888n
C:   00001409  _flash_5                           888n
C:   000019A6  _flash_6                           888n
C:   00001AE8  _flash_7                           888n
C:   00001CB2  _flash_8                           888n
C:   00001CD6  _flash_9                           888n
C:   00002265  _flash_10                          888n
C:   00002756  _flash_11                          888n
C:   0000284D  _main                              888n
C:   0000289A  _print                             888n
C:   00002940  __gptrput                          _gptrput
C:   0000295B  __moduint                          _moduint
C:   000029A8  __divuint                          _divuint
C:   000029D1  __gptrget                          _gptrget
C:   000029ED  __modsint                          _modsint
C:   00002A23  __divsint                          _divsint
C:   00002A5B  __sdcc_external_startup            _startup
ASxxxx Linker V03.00 + NoICE + sdld,  page 22.
Hexadecimal  [32-Bits]

Area                                    Addr        Size        Decimal Bytes (Attributes)
--------------------------------        ----        ----        ------- ----- ------------
CONST                               00002A5F    00000141 =         321. bytes (REL,CON,CODE)

      Value  Global                              Global Defined In Module
      -----  --------------------------------   ------------------------
C:   00002A5F  _table_cha                         888n
C:   00002A9F  _table_id                          888n
C:   00002AC7  _dat                               888n
C:   00002B47  _dat2                              888n
C:   00002B63  _dat3                              888n
C:   00002B7B  _table_3p                          888n
C:   00002B93  _flash_11_daa_1_164                888n

ASxxxx Linker V03.00 + NoICE + sdld,  page 23.

Files Linked                              [ module(s) ]

888n.rel                                  [  ]


Libraries Linked                          [ object file ]

C:\Program Files\SDCC\bin\..\lib\small/mcs51.lib
                                          [ crtclear.rel ]
C:\Program Files\SDCC\bin\..\lib\small/mcs51.lib
                                          [ crtxinit.rel ]
C:\Program Files\SDCC\bin\..\lib\small/libsdcc.lib
                                          [ _gptrput.rel ]
C:\Program Files\SDCC\bin\..\lib\small/libint.lib
                                          [ _moduint.rel ]
C:\Program Files\SDCC\bin\..\lib\small/mcs51.lib
                                          [ crtxclear.rel ]
C:\Program Files\SDCC\bin\..\lib\small/libint.lib
                                          [ _divuint.rel ]
C:\Program Files\SDCC\bin\..\lib\small/mcs51.lib
                                          [ crtpagesfr.rel ]
C:\Program Files\SDCC\bin\..\lib\small/mcs51.lib
                                          [ crtstart.rel ]
C:\Program Files\SDCC\bin\..\lib\small/libsdcc.lib
                                          [ _gptrget.rel ]
C:\Program Files\SDCC\bin\..\lib\small/libint.lib
                                          [ _modsint.rel ]
C:\Program Files\SDCC\bin\..\lib\small/libint.lib
                                          [ _divsint.rel ]
C:\Program Files\SDCC\bin\..\lib\small/libsdcc.lib
                                          [ _startup.rel ]

ASxxxx Linker V03.00 + NoICE + sdld,  page 24.

User Base Address Definitions

HOME = 0x0000
XSEG = 0x0001
PSEG = 0x0001
ISEG = 0x0000
BSEG = 0x0000

